2026-05-20 10:50:47.432 | INFO     | __main__:<module>:78 - Distributed environment: DistributedType.NO
Num processes: 1
Process index: 0
Local process index: 0
Device: cuda

Mixed precision type: no

2026-05-20 10:50:47.433 | INFO     | __main__:<module>:79 - {'seed': 222, 'output_dir': 'pretrained/inspired-model', 'debug': False, 'dataset': 'inspired', 'shot': 1, 'use_resp': False, 'context_max_length': 200, 'prompt_max_length': 200, 'entity_max_length': 32, 'num_workers': 0, 'tokenizer': 'microsoft/DialoGPT-small', 'text_tokenizer': 'roberta-base', 'model': 'microsoft/DialoGPT-small', 'text_encoder': 'roberta-base', 'num_bases': 8, 'n_prefix_rec': 10, 'prompt_encoder': 'pretrained/pre-trained-inspired/final', 'num_train_epochs': 20, 'max_train_steps': None, 'per_device_train_batch_size': 64, 'per_device_eval_batch_size': 64, 'gradient_accumulation_steps': 1, 'learning_rate': 0.0001, 'weight_decay': 0, 'max_grad_norm': None, 'num_warmup_steps': 33, 'fp16': False, 'use_wandb': False, 'entity': None, 'project': None, 'name': None, 'log_all': False}
2026-05-20 10:51:06.112 | INFO     | __main__:<module>:210 - ***** Running training *****
2026-05-20 10:51:06.112 | INFO     | __main__:<module>:211 -   Num examples = 2094
2026-05-20 10:51:06.112 | INFO     | __main__:<module>:212 -   Num test examples = 256
2026-05-20 10:51:06.112 | INFO     | __main__:<module>:213 -   Num valid examples = 273
2026-05-20 10:51:06.113 | INFO     | __main__:<module>:215 -   Num Epochs = 20
2026-05-20 10:51:06.113 | INFO     | __main__:<module>:216 -   Instantaneous batch size per device = 64
2026-05-20 10:51:06.113 | INFO     | __main__:<module>:217 -   Total train batch size (w. parallel, distributed & accumulation) = 64
2026-05-20 10:51:06.113 | INFO     | __main__:<module>:218 -   Gradient Accumulation steps = 1
2026-05-20 10:51:06.113 | INFO     | __main__:<module>:219 -   Total optimization steps = 660
2026-05-20 10:51:28.547 | INFO     | __main__:<module>:271 - epoch 0 train loss 6.878394762674968
2026-05-20 10:51:31.730 | INFO     | __main__:<module>:309 - {'valid/recall@1': 0.029304029304029304, 'valid/recall@10': 0.13553113553113552, 'valid/recall@50': 0.27472527472527475, 'valid/ndcg@1': 0.029304029304029304, 'valid/ndcg@10': 0.07700618282779233, 'valid/ndcg@50': 0.10760441455212268, 'valid/mrr@1': 0.029304029304029304, 'valid/mrr@10': 0.05919093876094608, 'valid/mrr@50': 0.06565652225480412, 'valid/loss': 7.90075044631958, 'epoch': 0}
2026-05-20 10:51:31.902 | INFO     | __main__:<module>:317 - new best model with loss
2026-05-20 10:51:34.791 | INFO     | __main__:<module>:350 - {'test/recall@1': 0.03125, 'test/recall@10': 0.16796875, 'test/recall@50': 0.3046875, 'test/ndcg@1': 0.03125, 'test/ndcg@10': 0.09383875131607056, 'test/ndcg@50': 0.12479928135871887, 'test/mrr@1': 0.03125, 'test/mrr@10': 0.07113560289144516, 'test/mrr@50': 0.07812394946813583, 'test/loss': 7.725945591926575, 'epoch': 0}
2026-05-20 10:51:57.064 | INFO     | __main__:<module>:271 - epoch 1 train loss 6.51467294404001
2026-05-20 10:52:00.238 | INFO     | __main__:<module>:309 - {'valid/recall@1': 0.047619047619047616, 'valid/recall@10': 0.14285714285714285, 'valid/recall@50': 0.27106227106227104, 'valid/ndcg@1': 0.047619047619047616, 'valid/ndcg@10': 0.08936318198403159, 'valid/ndcg@50': 0.11602326277848128, 'valid/mrr@1': 0.047619047619047616, 'valid/mrr@10': 0.07299407148535872, 'valid/mrr@50': 0.07798547709817852, 'valid/loss': 7.724054431915283, 'epoch': 1}
2026-05-20 10:52:00.536 | INFO     | __main__:<module>:317 - new best model with loss
2026-05-20 10:52:03.479 | INFO     | __main__:<module>:350 - {'test/recall@1': 0.04296875, 'test/recall@10': 0.15234375, 'test/recall@50': 0.3125, 'test/ndcg@1': 0.04296875, 'test/ndcg@10': 0.0920257642865181, 'test/ndcg@50': 0.12651193141937256, 'test/mrr@1': 0.04296875, 'test/mrr@10': 0.07346849888563156, 'test/mrr@50': 0.08037794381380081, 'test/loss': 7.565541386604309, 'epoch': 1}
2026-05-20 10:52:25.883 | INFO     | __main__:<module>:271 - epoch 2 train loss 6.351361043525465
2026-05-20 10:52:29.066 | INFO     | __main__:<module>:309 - {'valid/recall@1': 0.04395604395604396, 'valid/recall@10': 0.13186813186813187, 'valid/recall@50': 0.27472527472527475, 'valid/ndcg@1': 0.04395604395604396, 'valid/ndcg@10': 0.08131081018692408, 'valid/ndcg@50': 0.11205163194146349, 'valid/mrr@1': 0.04395604395604396, 'valid/mrr@10': 0.06615646418197688, 'valid/mrr@50': 0.0723413600153102, 'valid/loss': 8.005520153045655, 'epoch': 2}
2026-05-20 10:52:32.009 | INFO     | __main__:<module>:350 - {'test/recall@1': 0.04296875, 'test/recall@10': 0.125, 'test/recall@50': 0.30859375, 'test/ndcg@1': 0.04296875, 'test/ndcg@10': 0.07765114307403564, 'test/ndcg@50': 0.11778762936592102, 'test/mrr@1': 0.04296875, 'test/mrr@10': 0.0632052943110466, 'test/mrr@50': 0.07159627228975296, 'test/loss': 7.863596081733704, 'epoch': 2}
2026-05-20 10:52:54.462 | INFO     | __main__:<module>:271 - epoch 3 train loss 6.235950267676151
2026-05-20 10:52:57.635 | INFO     | __main__:<module>:309 - {'valid/recall@1': 0.04395604395604396, 'valid/recall@10': 0.13553113553113552, 'valid/recall@50': 0.2673992673992674, 'valid/ndcg@1': 0.04395604395604396, 'valid/ndcg@10': 0.08396365965679015, 'valid/ndcg@50': 0.11227845970964256, 'valid/mrr@1': 0.04395604395604396, 'valid/mrr@10': 0.06815948765793126, 'valid/mrr@50': 0.07384672619047619, 'valid/loss': 8.204434776306153, 'epoch': 3}
2026-05-20 10:53:00.582 | INFO     | __main__:<module>:350 - {'test/recall@1': 0.02734375, 'test/recall@10': 0.1328125, 'test/recall@50': 0.30078125, 'test/ndcg@1': 0.02734375, 'test/ndcg@10': 0.07839471846818924, 'test/ndcg@50': 0.1147615984082222, 'test/mrr@1': 0.02734375, 'test/mrr@10': 0.0612444207072258, 'test/mrr@50': 0.06866898387670517, 'test/loss': 8.006171941757202, 'epoch': 3}
2026-05-20 10:53:23.077 | INFO     | __main__:<module>:271 - epoch 4 train loss 6.151860338268858
2026-05-20 10:53:26.272 | INFO     | __main__:<module>:309 - {'valid/recall@1': 0.014652014652014652, 'valid/recall@10': 0.11721611721611722, 'valid/recall@50': 0.2454212454212454, 'valid/ndcg@1': 0.014652014652014652, 'valid/ndcg@10': 0.06279234135107244, 'valid/ndcg@50': 0.09064104268839071, 'valid/mrr@1': 0.014652014652014652, 'valid/mrr@10': 0.04597069666935848, 'valid/mrr@50': 0.05163214756892277, 'valid/loss': 8.312982177734375, 'epoch': 4}
2026-05-20 10:53:29.224 | INFO     | __main__:<module>:350 - {'test/recall@1': 0.02734375, 'test/recall@10': 0.12890625, 'test/recall@50': 0.28125, 'test/ndcg@1': 0.02734375, 'test/ndcg@10': 0.07386692613363266, 'test/ndcg@50': 0.10745230317115784, 'test/mrr@1': 0.02734375, 'test/mrr@10': 0.05675378069281578, 'test/mrr@50': 0.06397365033626556, 'test/loss': 8.110774755477905, 'epoch': 4}
2026-05-20 10:53:51.725 | INFO     | __main__:<module>:271 - epoch 5 train loss 6.064607128952488
2026-05-20 10:53:54.914 | INFO     | __main__:<module>:309 - {'valid/recall@1': 0.047619047619047616, 'valid/recall@10': 0.13186813186813187, 'valid/recall@50': 0.28205128205128205, 'valid/ndcg@1': 0.047619047619047616, 'valid/ndcg@10': 0.0840601589216854, 'valid/ndcg@50': 0.1157823709341196, 'valid/mrr@1': 0.047619047619047616, 'valid/mrr@10': 0.06943717369666466, 'valid/mrr@50': 0.0755518050420852, 'valid/loss': 8.554209327697754, 'epoch': 5}
2026-05-20 10:53:57.865 | INFO     | __main__:<module>:350 - {'test/recall@1': 0.0390625, 'test/recall@10': 0.12890625, 'test/recall@50': 0.29296875, 'test/ndcg@1': 0.0390625, 'test/ndcg@10': 0.08018197864294052, 'test/ndcg@50': 0.11627812683582306, 'test/mrr@1': 0.0390625, 'test/mrr@10': 0.06523282825946808, 'test/mrr@50': 0.07289109379053116, 'test/loss': 8.434353828430176, 'epoch': 5}
2026-05-20 10:54:20.384 | INFO     | __main__:<module>:271 - epoch 6 train loss 5.985792029987682
2026-05-20 10:54:23.578 | INFO     | __main__:<module>:309 - {'valid/recall@1': 0.047619047619047616, 'valid/recall@10': 0.13186813186813187, 'valid/recall@50': 0.26373626373626374, 'valid/ndcg@1': 0.047619047619047616, 'valid/ndcg@10': 0.08324591668097528, 'valid/ndcg@50': 0.11096426156850961, 'valid/mrr@1': 0.047619047619047616, 'valid/mrr@10': 0.06856212685833048, 'valid/mrr@50': 0.07385182642674708, 'valid/loss': 8.71624698638916, 'epoch': 6}
2026-05-20 10:54:26.512 | INFO     | __main__:<module>:350 - {'test/recall@1': 0.02734375, 'test/recall@10': 0.140625, 'test/recall@50': 0.28125, 'test/ndcg@1': 0.02734375, 'test/ndcg@10': 0.08360235393047333, 'test/ndcg@50': 0.11427098512649536, 'test/mrr@1': 0.02734375, 'test/mrr@10': 0.06540798395872116, 'test/mrr@50': 0.07176212966442108, 'test/loss': 8.601375341415405, 'epoch': 6}
2026-05-20 10:54:49.019 | INFO     | __main__:<module>:271 - epoch 7 train loss 5.931752898476341
2026-05-20 10:54:52.226 | INFO     | __main__:<module>:309 - {'valid/recall@1': 0.04395604395604396, 'valid/recall@10': 0.12087912087912088, 'valid/recall@50': 0.2490842490842491, 'valid/ndcg@1': 0.04395604395604396, 'valid/ndcg@10': 0.07377394651755309, 'valid/ndcg@50': 0.10104092049511361, 'valid/mrr@1': 0.04395604395604396, 'valid/mrr@10': 0.05981742942726219, 'valid/mrr@50': 0.06520865164396963, 'valid/loss': 9.004900360107422, 'epoch': 7}
2026-05-20 10:54:55.180 | INFO     | __main__:<module>:350 - {'test/recall@1': 0.0390625, 'test/recall@10': 0.140625, 'test/recall@50': 0.26953125, 'test/ndcg@1': 0.0390625, 'test/ndcg@10': 0.08338277041912079, 'test/ndcg@50': 0.11049997061491013, 'test/mrr@1': 0.0390625, 'test/mrr@10': 0.06585441529750824, 'test/mrr@50': 0.07100710272789001, 'test/loss': 8.942478656768799, 'epoch': 7}
2026-05-20 10:55:17.702 | INFO     | __main__:<module>:271 - epoch 8 train loss 5.850203239556515
2026-05-20 10:55:20.887 | INFO     | __main__:<module>:309 - {'valid/recall@1': 0.04395604395604396, 'valid/recall@10': 0.1282051282051282, 'valid/recall@50': 0.2564102564102564, 'valid/ndcg@1': 0.04395604395604396, 'valid/ndcg@10': 0.0787719265445248, 'valid/ndcg@50': 0.10710644285320799, 'valid/mrr@1': 0.04395604395604396, 'valid/mrr@10': 0.06392813602209965, 'valid/mrr@50': 0.07004473060915321, 'valid/loss': 8.943897247314453, 'epoch': 8}
2026-05-20 10:55:23.829 | INFO     | __main__:<module>:350 - {'test/recall@1': 0.03515625, 'test/recall@10': 0.14453125, 'test/recall@50': 0.2578125, 'test/ndcg@1': 0.03515625, 'test/ndcg@10': 0.08032533526420593, 'test/ndcg@50': 0.10511201620101929, 'test/mrr@1': 0.03515625, 'test/mrr@10': 0.06084759533405304, 'test/mrr@50': 0.06603067368268967, 'test/loss': 8.882820129394531, 'epoch': 8}
2026-05-20 10:55:46.347 | INFO     | __main__:<module>:271 - epoch 9 train loss 5.797399939912738
2026-05-20 10:55:49.549 | INFO     | __main__:<module>:309 - {'valid/recall@1': 0.03663003663003663, 'valid/recall@10': 0.1282051282051282, 'valid/recall@50': 0.24175824175824176, 'valid/ndcg@1': 0.03663003663003663, 'valid/ndcg@10': 0.07369844206086881, 'valid/ndcg@50': 0.0982951419257419, 'valid/mrr@1': 0.03663003663003663, 'valid/mrr@10': 0.05755131061260517, 'valid/mrr@50': 0.06261283399421216, 'valid/loss': 9.274154090881348, 'epoch': 9}
2026-05-20 10:55:52.494 | INFO     | __main__:<module>:350 - {'test/recall@1': 0.02734375, 'test/recall@10': 0.13671875, 'test/recall@50': 0.28125, 'test/ndcg@1': 0.02734375, 'test/ndcg@10': 0.07838856428861618, 'test/ndcg@50': 0.1099710613489151, 'test/mrr@1': 0.02734375, 'test/mrr@10': 0.0601283498108387, 'test/mrr@50': 0.06668304651975632, 'test/loss': 9.245081663131714, 'epoch': 9}
2026-05-20 10:56:15.025 | INFO     | __main__:<module>:271 - epoch 10 train loss 5.744616638530385
2026-05-20 10:56:18.218 | INFO     | __main__:<module>:309 - {'valid/recall@1': 0.047619047619047616, 'valid/recall@10': 0.13186813186813187, 'valid/recall@50': 0.2490842490842491, 'valid/ndcg@1': 0.047619047619047616, 'valid/ndcg@10': 0.08119092668805804, 'valid/ndcg@50': 0.1062168219150641, 'valid/mrr@1': 0.047619047619047616, 'valid/mrr@10': 0.06599947471758384, 'valid/mrr@50': 0.07098958081814832, 'valid/loss': 9.304502487182617, 'epoch': 10}
2026-05-20 10:56:21.169 | INFO     | __main__:<module>:350 - {'test/recall@1': 0.03515625, 'test/recall@10': 0.140625, 'test/recall@50': 0.27734375, 'test/ndcg@1': 0.03515625, 'test/ndcg@10': 0.0801830068230629, 'test/ndcg@50': 0.10938969999551773, 'test/mrr@1': 0.03515625, 'test/mrr@10': 0.06173425167798996, 'test/mrr@50': 0.06748870760202408, 'test/loss': 9.333688974380493, 'epoch': 10}
2026-05-20 10:56:43.684 | INFO     | __main__:<module>:271 - epoch 11 train loss 5.677922653429436
2026-05-20 10:56:46.871 | INFO     | __main__:<module>:309 - {'valid/recall@1': 0.03296703296703297, 'valid/recall@10': 0.1282051282051282, 'valid/recall@50': 0.2564102564102564, 'valid/ndcg@1': 0.03296703296703297, 'valid/ndcg@10': 0.0729679205478766, 'valid/ndcg@50': 0.10105337764753963, 'valid/mrr@1': 0.03296703296703297, 'valid/mrr@10': 0.056327404120029546, 'valid/mrr@50': 0.062299379062303255, 'valid/loss': 9.499117660522462, 'epoch': 11}
2026-05-20 10:56:49.798 | INFO     | __main__:<module>:350 - {'test/recall@1': 0.03515625, 'test/recall@10': 0.140625, 'test/recall@50': 0.26171875, 'test/ndcg@1': 0.03515625, 'test/ndcg@10': 0.08143395185470581, 'test/ndcg@50': 0.10850139707326889, 'test/mrr@1': 0.03515625, 'test/mrr@10': 0.063143290579319, 'test/mrr@50': 0.06901790201663971, 'test/loss': 9.502017736434937, 'epoch': 11}
2026-05-20 10:57:12.321 | INFO     | __main__:<module>:271 - epoch 12 train loss 5.640914859193744
2026-05-20 10:57:15.520 | INFO     | __main__:<module>:309 - {'valid/recall@1': 0.03296703296703297, 'valid/recall@10': 0.12087912087912088, 'valid/recall@50': 0.23809523809523808, 'valid/ndcg@1': 0.03296703296703297, 'valid/ndcg@10': 0.07203628204681062, 'valid/ndcg@50': 0.09758365896595267, 'valid/mrr@1': 0.03296703296703297, 'valid/mrr@10': 0.05705418778863145, 'valid/mrr@50': 0.0624632573389745, 'valid/loss': 9.59307403564453, 'epoch': 12}
2026-05-20 10:57:18.459 | INFO     | __main__:<module>:350 - {'test/recall@1': 0.02734375, 'test/recall@10': 0.12890625, 'test/recall@50': 0.26171875, 'test/ndcg@1': 0.02734375, 'test/ndcg@10': 0.07426109910011292, 'test/ndcg@50': 0.10380645841360092, 'test/mrr@1': 0.02734375, 'test/mrr@10': 0.05713820829987526, 'test/mrr@50': 0.06351545453071594, 'test/loss': 9.646870613098145, 'epoch': 12}
2026-05-20 10:57:40.982 | INFO     | __main__:<module>:271 - epoch 13 train loss 5.608539798042991
2026-05-20 10:57:44.186 | INFO     | __main__:<module>:309 - {'valid/recall@1': 0.04395604395604396, 'valid/recall@10': 0.11355311355311355, 'valid/recall@50': 0.2454212454212454, 'valid/ndcg@1': 0.04395604395604396, 'valid/ndcg@10': 0.07353923084971668, 'valid/ndcg@50': 0.10202982836153918, 'valid/mrr@1': 0.04395604395604396, 'valid/mrr@10': 0.061398921868739985, 'valid/mrr@50': 0.0672128418863038, 'valid/loss': 9.735243034362792, 'epoch': 13}
2026-05-20 10:57:47.136 | INFO     | __main__:<module>:350 - {'test/recall@1': 0.03125, 'test/recall@10': 0.1328125, 'test/recall@50': 0.28125, 'test/ndcg@1': 0.03125, 'test/ndcg@10': 0.07871218770742416, 'test/ndcg@50': 0.11181112378835678, 'test/mrr@1': 0.03125, 'test/mrr@10': 0.06203807145357132, 'test/mrr@50': 0.06919136643409729, 'test/loss': 9.836941242218018, 'epoch': 13}
2026-05-20 10:58:09.675 | INFO     | __main__:<module>:271 - epoch 14 train loss 5.55958906809489
2026-05-20 10:58:12.879 | INFO     | __main__:<module>:309 - {'valid/recall@1': 0.040293040293040296, 'valid/recall@10': 0.11355311355311355, 'valid/recall@50': 0.23076923076923078, 'valid/ndcg@1': 0.040293040293040296, 'valid/ndcg@10': 0.0728614723289406, 'valid/ndcg@50': 0.09799881819840316, 'valid/mrr@1': 0.040293040293040296, 'valid/mrr@10': 0.060411942310822316, 'valid/mrr@50': 0.06542170877421732, 'valid/loss': 10.04763584136963, 'epoch': 14}
2026-05-20 10:58:15.836 | INFO     | __main__:<module>:350 - {'test/recall@1': 0.02734375, 'test/recall@10': 0.1328125, 'test/recall@50': 0.265625, 'test/ndcg@1': 0.02734375, 'test/ndcg@10': 0.07702157646417618, 'test/ndcg@50': 0.10577098280191422, 'test/mrr@1': 0.02734375, 'test/mrr@10': 0.05952535942196846, 'test/mrr@50': 0.06540551781654358, 'test/loss': 10.075636148452759, 'epoch': 14}
2026-05-20 10:58:38.367 | INFO     | __main__:<module>:271 - epoch 15 train loss 5.509482788317131
2026-05-20 10:58:41.569 | INFO     | __main__:<module>:309 - {'valid/recall@1': 0.03663003663003663, 'valid/recall@10': 0.12454212454212454, 'valid/recall@50': 0.2454212454212454, 'valid/ndcg@1': 0.03663003663003663, 'valid/ndcg@10': 0.07264103033603767, 'valid/ndcg@50': 0.09837494315681877, 'valid/mrr@1': 0.03663003663003663, 'valid/mrr@10': 0.05707018017332196, 'valid/mrr@50': 0.06210723988739125, 'valid/loss': 10.208318710327148, 'epoch': 15}
2026-05-20 10:58:44.510 | INFO     | __main__:<module>:350 - {'test/recall@1': 0.02734375, 'test/recall@10': 0.140625, 'test/recall@50': 0.26171875, 'test/ndcg@1': 0.02734375, 'test/ndcg@10': 0.07951392978429794, 'test/ndcg@50': 0.10648661851882935, 'test/mrr@1': 0.02734375, 'test/mrr@10': 0.06072048470377922, 'test/mrr@50': 0.0665581077337265, 'test/loss': 10.236190795898438, 'epoch': 15}
2026-05-20 10:59:07.046 | INFO     | __main__:<module>:271 - epoch 16 train loss 5.466463782570579
2026-05-20 10:59:10.240 | INFO     | __main__:<module>:309 - {'valid/recall@1': 0.040293040293040296, 'valid/recall@10': 0.12087912087912088, 'valid/recall@50': 0.24175824175824176, 'valid/ndcg@1': 0.040293040293040296, 'valid/ndcg@10': 0.07400462391612293, 'valid/ndcg@50': 0.10052314870086781, 'valid/mrr@1': 0.040293040293040296, 'valid/mrr@10': 0.05992790194221469, 'valid/mrr@50': 0.06554256341396233, 'valid/loss': 10.290360832214356, 'epoch': 16}
2026-05-20 10:59:13.179 | INFO     | __main__:<module>:350 - {'test/recall@1': 0.02734375, 'test/recall@10': 0.125, 'test/recall@50': 0.265625, 'test/ndcg@1': 0.02734375, 'test/ndcg@10': 0.07476434111595154, 'test/ndcg@50': 0.10635827481746674, 'test/mrr@1': 0.02734375, 'test/mrr@10': 0.0588107630610466, 'test/mrr@50': 0.06578351557254791, 'test/loss': 10.342470645904541, 'epoch': 16}
2026-05-20 10:59:35.705 | INFO     | __main__:<module>:271 - epoch 17 train loss 5.4253676876877295
2026-05-20 10:59:38.912 | INFO     | __main__:<module>:309 - {'valid/recall@1': 0.03663003663003663, 'valid/recall@10': 0.11355311355311355, 'valid/recall@50': 0.23076923076923078, 'valid/ndcg@1': 0.03663003663003663, 'valid/ndcg@10': 0.06932176163781693, 'valid/ndcg@50': 0.09452587169605298, 'valid/mrr@1': 0.03663003663003663, 'valid/mrr@10': 0.05583900060409155, 'valid/mrr@50': 0.06092262268066406, 'valid/loss': 10.56812400817871, 'epoch': 17}
2026-05-20 10:59:41.862 | INFO     | __main__:<module>:350 - {'test/recall@1': 0.0234375, 'test/recall@10': 0.1328125, 'test/recall@50': 0.24609375, 'test/ndcg@1': 0.0234375, 'test/ndcg@10': 0.0728646069765091, 'test/ndcg@50': 0.09774097055196762, 'test/mrr@1': 0.0234375, 'test/mrr@10': 0.05422091856598854, 'test/mrr@50': 0.05946094170212746, 'test/loss': 10.531763076782227, 'epoch': 17}
2026-05-20 11:00:04.400 | INFO     | __main__:<module>:271 - epoch 18 train loss 5.38749345143636
2026-05-20 11:00:07.621 | INFO     | __main__:<module>:309 - {'valid/recall@1': 0.03663003663003663, 'valid/recall@10': 0.11355311355311355, 'valid/recall@50': 0.2271062271062271, 'valid/ndcg@1': 0.03663003663003663, 'valid/ndcg@10': 0.06967225266900255, 'valid/ndcg@50': 0.09470670651166867, 'valid/mrr@1': 0.03663003663003663, 'valid/mrr@10': 0.056346299447419444, 'valid/mrr@50': 0.06166584587795831, 'valid/loss': 10.669114875793458, 'epoch': 18}
2026-05-20 11:00:10.573 | INFO     | __main__:<module>:350 - {'test/recall@1': 0.03125, 'test/recall@10': 0.1328125, 'test/recall@50': 0.2578125, 'test/ndcg@1': 0.03125, 'test/ndcg@10': 0.07821791619062424, 'test/ndcg@50': 0.10584986209869385, 'test/mrr@1': 0.03125, 'test/mrr@10': 0.06120101734995842, 'test/mrr@50': 0.06715232133865356, 'test/loss': 10.636079788208008, 'epoch': 18}
2026-05-20 11:00:33.107 | INFO     | __main__:<module>:271 - epoch 19 train loss 5.346716750751842
2026-05-20 11:00:36.317 | INFO     | __main__:<module>:309 - {'valid/recall@1': 0.03296703296703297, 'valid/recall@10': 0.10622710622710622, 'valid/recall@50': 0.2271062271062271, 'valid/ndcg@1': 0.03296703296703297, 'valid/ndcg@10': 0.06511255760332603, 'valid/ndcg@50': 0.091512449495085, 'valid/mrr@1': 0.03296703296703297, 'valid/mrr@10': 0.05247397999187092, 'valid/mrr@50': 0.05800679664472084, 'valid/loss': 10.890583992004395, 'epoch': 19}
2026-05-20 11:00:39.281 | INFO     | __main__:<module>:350 - {'test/recall@1': 0.03125, 'test/recall@10': 0.12890625, 'test/recall@50': 0.2421875, 'test/ndcg@1': 0.03125, 'test/ndcg@10': 0.07628785073757172, 'test/ndcg@50': 0.10135487467050552, 'test/mrr@1': 0.03125, 'test/mrr@10': 0.05987878143787384, 'test/mrr@50': 0.06525570899248123, 'test/loss': 10.790108442306519, 'epoch': 19}
2026-05-20 11:00:39.446 | INFO     | __main__:<module>:356 - save final model
